

HI-TECH Software 8051 Macro Assembler V9.60                                Page 1
                                                       Sun Apr 21 18:30:20 2024

     1                           	psect	idata,class=DATA,space=1,limit=080h
     2                           	psect	irdata,class=DATA,limit=080h
     3                           	global	_main
     4                           	signat	_main,88
     5                           	global	stack_internal
     6                           	psect	text,class=CODE
     7                           	psect	text
     8                           	file	"D:\Uni\DDMLabs\Practices\WSPR9\project1\m
                                 ain.c"
     9                           	line	4
    10  00003                     _main:
    11  00003  02 011B            	j	f1411
    12  00006                     f1410:
    13                           ;main.c: 3: void main()
    14                           
    15                           ;main.c: 4: {
    16                           
    17                           ;	var   _i assigned to ?a_main+0
    18                           ;	var   _j assigned to ?a_main+2
    19                           ;main.c: 5: int i, j;
    20                           
    21                           ;main.c: 7: while(1){
    22                           
    23                           	line	7
    24  00006                     l4:
    25                           ;main.c: 8: for (i=0; i<64; i++) P2 = 0;
    26                           
    27                           	line	8
    28  00006  E4                 	clr	a
    29  00007  F5 20              	mov	?a_main+0,a
    30  00009  F5 21              	mov	?a_main+0+1,a
    31  0000B  E5 21              	mov	a,?a_main+0+1
    32  0000D  24 C0              	add	a,#low -(64)
    33  0000F  E5 20              	mov	a,?a_main+0
    34  00011  64 80              	xrl	a,#80h
    35  00013  34 7F              	addc	a,#(high -(64))xor 80h
    36  00015  50 02              	bnc	u11
    37  00017  80 02              	jmp	u10
    38  00019                     u11:
    39  00019  80 02              	jmp	l6
    40  0001B                     u10:
    41  0001B  80 1B              	jmp	l7
    42  0001D                     l6:
    43  0001D  75 A0 00           	mov	0A0h,#0
    44  00020  05 21              	inc	?a_main+0+1
    45  00022  E5 21              	mov	a,?a_main+0+1
    46  00024  70 02              	jnz	u20
    47  00026  05 20              	inc	?a_main+0
    48  00028                     u20:
    49  00028  E5 21              	mov	a,?a_main+0+1
    50  0002A  24 C0              	add	a,#low -(64)
    51  0002C  E5 20              	mov	a,?a_main+0
    52  0002E  64 80              	xrl	a,#80h
    53  00030  34 7F              	addc	a,#(high -(64))xor 80h
    54  00032  50 02              	bnc	u31
    55  00034  80 02              	jmp	u30
    56  00036                     u31:
    57  00036  80 E5              	jmp	l6
    58  00038                     u30:
    59  00038                     l7:
    60                           ;main.c: 9: for (i=0; i<192; i+=3) P2 = 255-i;
    61                           
    62                           	line	9
    63  00038  E4                 	clr	a
    64  00039  F5 20              	mov	?a_main+0,a
    65  0003B  F5 21              	mov	?a_main+0+1,a
    66  0003D  E5 21              	mov	a,?a_main+0+1
    67  0003F  24 40              	add	a,#low -(192)
    68  00041  E5 20              	mov	a,?a_main+0
    69  00043  64 80              	xrl	a,#80h
    70  00045  34 7F              	addc	a,#(high -(192))xor 80h
    71  00047  50 02              	bnc	u41
    72  00049  80 02              	jmp	u40
    73  0004B                     u41:
    74  0004B  80 02              	jmp	l9
    75  0004D                     u40:
    76  0004D  80 23              	jmp	l10
    77  0004F                     l9:
    78  0004F  74 FF              	mov	a,#-1
    79  00051  C3                 	clr	c
    80  00052  95 21              	subb	a,?a_main+0+1
    81  00054  F5 A0              	mov	0A0h,a
    82  00056  E5 21              	mov	a,?a_main+0+1
    83  00058  24 03              	add	a,#03h
    84  0005A  F5 21              	mov	?a_main+0+1,a
    85  0005C  E5 20              	mov	a,?a_main+0
    86  0005E  34 00              	addc	a,#0
    87  00060  F5 20              	mov	?a_main+0,a
    88  00062  E5 21              	mov	a,?a_main+0+1
    89  00064  24 40              	add	a,#low -(192)
    90  00066  E5 20              	mov	a,?a_main+0
    91  00068  64 80              	xrl	a,#80h
    92  0006A  34 7F              	addc	a,#(high -(192))xor 80h
    93  0006C  50 02              	bnc	u51
    94  0006E  80 02              	jmp	u50
    95  00070                     u51:
    96  00070  80 DD              	jmp	l9
    97  00072                     u50:
    98  00072                     l10:
    99                           ;main.c: 10: for (i=0; i<64; i++) P2 = 63; j=1+i
                                 ;
   100                           
   101                           	line	10
   102  00072  E4                 	clr	a
   103  00073  F5 20              	mov	?a_main+0,a
   104  00075  F5 21              	mov	?a_main+0+1,a
   105  00077  E5 21              	mov	a,?a_main+0+1
   106  00079  24 C0              	add	a,#low -(64)
   107  0007B  E5 20              	mov	a,?a_main+0
   108  0007D  64 80              	xrl	a,#80h
   109  0007F  34 7F              	addc	a,#(high -(64))xor 80h
   110  00081  50 02              	bnc	u61
   111  00083  80 02              	jmp	u60
   112  00085                     u61:
   113  00085  80 02              	jmp	l12
   114  00087                     u60:
   115  00087  80 1B              	jmp	l13
   116  00089                     l12:
   117  00089  75 A0 3F           	mov	0A0h,#63
   118  0008C  05 21              	inc	?a_main+0+1
   119  0008E  E5 21              	mov	a,?a_main+0+1
   120  00090  70 02              	jnz	u70
   121  00092  05 20              	inc	?a_main+0
   122  00094                     u70:
   123  00094  E5 21              	mov	a,?a_main+0+1
   124  00096  24 C0              	add	a,#low -(64)
   125  00098  E5 20              	mov	a,?a_main+0
   126  0009A  64 80              	xrl	a,#80h
   127  0009C  34 7F              	addc	a,#(high -(64))xor 80h
   128  0009E  50 02              	bnc	u81
   129  000A0  80 02              	jmp	u80
   130  000A2                     u81:
   131  000A2  80 E5              	jmp	l12
   132  000A4                     u80:
   133  000A4                     l13:
   134  000A4  E5 21              	mov	a,?a_main+0+1
   135  000A6  24 01              	add	a,#01h
   136  000A8  F5 23              	mov	?a_main+2+1,a
   137  000AA  E5 20              	mov	a,?a_main+0
   138  000AC  34 00              	addc	a,#0
   139  000AE  F5 22              	mov	?a_main+2,a
   140                           ;main.c: 11: for (i=0; i<64; i++) P2 = 63+i;
   141                           
   142                           	line	11
   143  000B0  E4                 	clr	a
   144  000B1  F5 20              	mov	?a_main+0,a
   145  000B3  F5 21              	mov	?a_main+0+1,a
   146  000B5  E5 21              	mov	a,?a_main+0+1
   147  000B7  24 C0              	add	a,#low -(64)
   148  000B9  E5 20              	mov	a,?a_main+0
   149  000BB  64 80              	xrl	a,#80h
   150  000BD  34 7F              	addc	a,#(high -(64))xor 80h
   151  000BF  50 02              	bnc	u91
   152  000C1  80 02              	jmp	u90
   153  000C3                     u91:
   154  000C3  80 02              	jmp	l15
   155  000C5                     u90:
   156  000C5  80 1E              	jmp	l16
   157  000C7                     l15:
   158  000C7  E5 21              	mov	a,?a_main+0+1
   159  000C9  24 3F              	add	a,#03Fh
   160  000CB  F5 A0              	mov	0A0h,a
   161  000CD  05 21              	inc	?a_main+0+1
   162  000CF  E5 21              	mov	a,?a_main+0+1
   163  000D1  70 02              	jnz	u100
   164  000D3  05 20              	inc	?a_main+0
   165  000D5                     u100:
   166  000D5  E5 21              	mov	a,?a_main+0+1
   167  000D7  24 C0              	add	a,#low -(64)
   168  000D9  E5 20              	mov	a,?a_main+0
   169  000DB  64 80              	xrl	a,#80h
   170  000DD  34 7F              	addc	a,#(high -(64))xor 80h
   171  000DF  50 02              	bnc	u111
   172  000E1  80 02              	jmp	u110
   173  000E3                     u111:
   174  000E3  80 E2              	jmp	l15
   175  000E5                     u110:
   176  000E5                     l16:
   177                           ;main.c: 12: for (i=0; i<64; i++) P2 = 0;
   178                           
   179                           	line	12
   180  000E5  E4                 	clr	a
   181  000E6  F5 20              	mov	?a_main+0,a
   182  000E8  F5 21              	mov	?a_main+0+1,a
   183  000EA  E5 21              	mov	a,?a_main+0+1
   184  000EC  24 C0              	add	a,#low -(64)
   185  000EE  E5 20              	mov	a,?a_main+0
   186  000F0  64 80              	xrl	a,#80h
   187  000F2  34 7F              	addc	a,#(high -(64))xor 80h
   188  000F4  50 02              	bnc	u121
   189  000F6  80 02              	jmp	u120
   190  000F8                     u121:
   191  000F8  80 02              	jmp	l18
   192  000FA                     u120:
   193  000FA  80 1B              	jmp	l19
   194  000FC                     l18:
   195  000FC  75 A0 00           	mov	0A0h,#0
   196  000FF  05 21              	inc	?a_main+0+1
   197  00101  E5 21              	mov	a,?a_main+0+1
   198  00103  70 02              	jnz	u130
   199  00105  05 20              	inc	?a_main+0
   200  00107                     u130:
   201  00107  E5 21              	mov	a,?a_main+0+1
   202  00109  24 C0              	add	a,#low -(64)
   203  0010B  E5 20              	mov	a,?a_main+0
   204  0010D  64 80              	xrl	a,#80h
   205  0010F  34 7F              	addc	a,#(high -(64))xor 80h
   206  00111  50 02              	bnc	u141
   207  00113  80 02              	jmp	u140
   208  00115                     u141:
   209  00115  80 E5              	jmp	l18
   210  00117                     u140:
   211  00117                     l19:
   212                           	line	13
   213  00117                     l3:
   214                           	line	7
   215  00117  02 0006            	jmp	l4
   216  0011A                     l5:
   217                           ;main.c: 13: }
   218                           
   219                           ;main.c: 14: }
   220                           
   221                           	line	14
   222  0011A                     l2:
   223  0011A  22                 	ret
   224  0011B                     f1411:
   225  0011B  02 0006            	j	f1410
   226                           	FNSIZE	_main,4,0
   227                           	global	?a_main
   228  0000                     f1412	equ	0
   229  0000                     _A10	equ	162
   230  0000                     _A11	equ	163
   231  0000                     _A12	equ	164
   232  0000                     _A13	equ	165
   233  0000                     _A14	equ	166
   234  0000                     _A15	equ	167
   235  0000                     _A8	equ	160
   236  0000                     _A9	equ	161
   237  0000                     _AC	equ	214
   238  0000                     _ACC0	equ	224
   239  0000                     _ACC1	equ	225
   240  0000                     _ACC2	equ	226
   241  0000                     _ACC3	equ	227
   242  0000                     _ACC4	equ	228
   243  0000                     _ACC5	equ	229
   244  0000                     _ACC6	equ	230
   245  0000                     _ACC7	equ	231
   246  0000                     _AD0	equ	128
   247  0000                     _AD1	equ	129
   248  0000                     _AD2	equ	130
   249  0000                     _AD3	equ	131
   250  0000                     _AD4	equ	132
   251  0000                     _AD5	equ	133
   252  0000                     _AD6	equ	134
   253  0000                     _AD7	equ	135
   254  0000                     _B0	equ	240
   255  0000                     _B1	equ	241
   256  0000                     _B2	equ	242
   257  0000                     _B3	equ	243
   258  0000                     _B4	equ	244
   259  0000                     _B5	equ	245
   260  0000                     _B6	equ	246
   261  0000                     _B7	equ	247
   262  0000                     _CY	equ	215
   263  0000                     _EA	equ	175
   264  0000                     _ES	equ	172
   265  0000                     _ET0	equ	169
   266  0000                     _ET1	equ	171
   267  0000                     _EX0	equ	168
   268  0000                     _EX1	equ	170
   269  0000                     _F0	equ	213
   270  0000                     _IE0	equ	137
   271  0000                     _IE1	equ	139
   272  0000                     _INT0	equ	178
   273  0000                     _INT1	equ	179
   274  0000                     _IT0	equ	136
   275  0000                     _IT1	equ	138
   276  0000                     _OV	equ	210
   277  0000                     _P	equ	208
   278  0000                     _P00	equ	128
   279  0000                     _P01	equ	129
   280  0000                     _P02	equ	130
   281  0000                     _P03	equ	131
   282  0000                     _P04	equ	132
   283  0000                     _P05	equ	133
   284  0000                     _P06	equ	134
   285  0000                     _P07	equ	135
   286  0000                     _P10	equ	144
   287  0000                     _P11	equ	145
   288  0000                     _P12	equ	146
   289  0000                     _P13	equ	147
   290  0000                     _P14	equ	148
   291  0000                     _P15	equ	149
   292  0000                     _P16	equ	150
   293  0000                     _P17	equ	151
   294  0000                     _P20	equ	160
   295  0000                     _P21	equ	161
   296  0000                     _P22	equ	162
   297  0000                     _P23	equ	163
   298  0000                     _P24	equ	164
   299  0000                     _P25	equ	165
   300  0000                     _P26	equ	166
   301  0000                     _P27	equ	167
   302  0000                     _P30	equ	176
   303  0000                     _P31	equ	177
   304  0000                     _P32	equ	178
   305  0000                     _P33	equ	179
   306  0000                     _P34	equ	180
   307  0000                     _P35	equ	181
   308  0000                     _P36	equ	182
   309  0000                     _P37	equ	183
   310  0000                     _PS	equ	188
   311  0000                     _PT0	equ	185
   312  0000                     _PT1	equ	187
   313  0000                     _PX0	equ	184
   314  0000                     _PX1	equ	186
   315  0000                     _RB8	equ	154
   316  0000                     _RD	equ	183
   317  0000                     _REN	equ	156
   318  0000                     _RI	equ	152
   319  0000                     _RS0	equ	211
   320  0000                     _RS1	equ	212
   321  0000                     _RXD	equ	176
   322  0000                     _SM0	equ	159
   323  0000                     _SM1	equ	158
   324  0000                     _SM2	equ	157
   325  0000                     _T0	equ	180
   326  0000                     _T1	equ	181
   327  0000                     _TB8	equ	155
   328  0000                     _TF0	equ	141
   329  0000                     _TF1	equ	143
   330  0000                     _TI	equ	153
   331  0000                     _TR0	equ	140
   332  0000                     _TR1	equ	142
   333  0000                     _TXD	equ	177
   334  0000                     _WR	equ	182
   335  0000                     _ACC	equ	224
   336  0000                     _B	equ	240
   337  0000                     _DPH	equ	131
   338  0000                     _DPL	equ	130
   339  0000                     _IE	equ	168
   340  0000                     _IP	equ	184
   341  0000                     _P0	equ	128
   342  0000                     _P1	equ	144
   343  0000                     _P2	equ	160
   344  0000                     _P3	equ	176
   345  0000                     _PCON	equ	135
   346  0000                     _PSW	equ	208
   347  0000                     _SBUF	equ	153
   348  0000                     _SCON	equ	152
   349  0000                     _SP	equ	129
   350  0000                     _TCON	equ	136
   351  0000                     _TH0	equ	140
   352  0000                     _TH1	equ	141
   353  0000                     _TL0	equ	138
   354  0000                     _TL1	equ	139
   355  0000                     _TMOD	equ	137
   356  0000                     _ACC_BITS	equ	224
   357  0000                     _B_BITS	equ	240
   358  0000                     _IE_BITS	equ	168
   359  0000                     _IP_BITS	equ	184
   360  0000                     _P0_BITS	equ	128
   361  0000                     _P1_BITS	equ	144
   362  0000                     _P2_BITS	equ	160
   363  0000                     _P3_BITS	equ	176
   364  0000                     _PCON_BITS	equ	135
   365  0000                     _PSW_BITS	equ	208
   366  0000                     _SCON_BITS	equ	152
   367  0000                     _TCON_BITS	equ	136
   368  0000                     _TMOD_BITS	equ	137


HI-TECH Software 8051 Macro Assembler V9.60                                Page 2
Symbol Table                                           Sun Apr 21 18:30:20 2024

       ?a_main 00020              _B 000F0              l2 0011A  
            l3 00117              l4 00006              l5 0011A  
            _P 000D0              l6 0001D              l7 00038  
            l9 0004F             _B0 000F0             _B1 000F1  
           _B2 000F2             _B3 000F3             _B4 000F4  
           _B5 000F5             _B6 000F6             _A8 000A0  
           _B7 000F7             _A9 000A1             _F0 000D5  
           _AC 000D6             l10 00072             l12 00089  
           l13 000A4             _EA 000AF             l15 000C7  
           l16 000E5             l18 000FC             l19 00117  
           _P0 00080             _P1 00090             _P2 000A0  
           _P3 000B0             _IE 000A8             _T0 000B4  
           _T1 000B5             _ES 000AC             _CY 000D7  
           _IP 000B8             _RD 000B7             u10 0001B  
           u11 00019             u20 00028             _RI 00098  
           u30 00038             u31 00036             u40 0004D  
           _TI 00099             u41 0004B             u50 00072  
           _PS 000BC             u51 00070             _OV 000D2  
           u60 00087             u61 00085             _SP 00081  
           u70 00094             u80 000A4             u81 000A2  
           u90 000C5             u91 000C3             _WR 000B6  
       _B_BITS 000F0            _A10 000A2            _A11 000A3  
          _A12 000A4            _A13 000A5            _A14 000A6  
          _A15 000A7            _AD0 00080            _AD1 00081  
          _AD2 00082            _AD3 00083            _AD4 00084  
          _AD5 00085            _AD6 00086            _AD7 00087  
          _ACC 000E0            _P00 00080            _P01 00081  
          _P10 00090            _P02 00082            _P11 00091  
          _P03 00083            _P20 000A0            _P12 00092  
          _P04 00084            _P21 000A1            _P13 00093  
          _P05 00085            _P30 000B0            _P22 000A2  
          _P14 00094            _P06 00086            _P31 000B1  
          _P23 000A3            _P15 00095            _P07 00087  
          _P32 000B2            _P24 000A4            _P16 00096  
          _P33 000B3            _P25 000A5            _P17 00097  
          _P34 000B4            _P26 000A6            _P35 000B5  
          _P27 000A7            _P36 000B6            _P37 000B7  
          _IE0 00089            _IE1 0008B            _ET0 000A9  
          _ET1 000AB            _EX0 000A8            _EX1 000AA  
          _DPH 00083            _DPL 00082            _IT0 00088  
          _IT1 0008A            _RB8 0009A            u100 000D5  
          u110 000E5            u111 000E3            u120 000FA  
          u121 000F8            u130 00107            _TF0 0008D  
          _TB8 0009B            u140 00117            _TF1 0008F  
          u141 00115            _TH0 0008C            _TH1 0008D  
          _SM0 0009F            _SM1 0009E            _TL0 0008A  
          _SM2 0009D            _PT0 000B9            _TL1 0008B  
          _PT1 000BB            _RS0 000D3            _RS1 000D4  
          _REN 0009C            _PX0 000B8            _PX1 000BA  
          _TR0 0008C            _TR1 0008E            _RXD 000B0  
          _PSW 000D0            _TXD 000B1        _P0_BITS 00080  
      _P1_BITS 00090        _P2_BITS 000A0        _P3_BITS 000B0  
      _IE_BITS 000A8       _ACC_BITS 000E0        _IP_BITS 000B8  
         f1410 00006           f1411 0011B           f1412 00000  
         _ACC0 000E0           _ACC1 000E1           _ACC2 000E2  
         _ACC3 000E3           _ACC4 000E4           _ACC5 000E5  
         _ACC6 000E6           _ACC7 000E7  stack_internal 00001  
         _INT0 000B2           _INT1 000B3           _PCON 00087  
         _SCON 00098           _SBUF 00099           _TCON 00088  
         _TMOD 00089           _main 00003       _PSW_BITS 000D0  
    _PCON_BITS 00087      _SCON_BITS 00098      _TCON_BITS 00088  
    _TMOD_BITS 00089  
