HI-TECH Software 8051-C Compiler V9.60

Linker command line:

--edf=C:\PROGRA~2\HI-TEC~1\HC51\lite\9.60\dat\en_msgs.txt \
  -h+Z:\project1.sym -z -Q8052AH -ol.obj -MZ:\project1.map -E1 \
  -ver=8051-C#V9.60 -ACODE=00h-01FFFh -pvectors=00h \
  -prbit=0/20h,rbss,rdata/CODE,irdata/CODE,idata/rbss -pbss=XDATA/idata \
  -pdata=CODE+100h -pconst=CODE+100h -pstrings=CODE+100h -pnvram=bss,heap \
  C:\Users\class\AppData\Local\Temp\sack.obj Z:\main_0.obj \
  C:\PROGRA~2\HI-TEC~1\HC51\lite\9.60\lib\51--nsc.lib 

Object code version is 3.8

Machine type is 8052AH

Call graph:

*start1 size 0,0 offset 0
*    _main size 0,0 offset 0
*        _imp size 0,4 offset 0

		Name          Link     Load   Length Selector Space Scale
C:\Users\class\AppData\Local\Temp\sack.obj
		vectors          0        0        3       0     0
		text            EC       EC       14       0     0
Z:\main_0.obj   rbss            20       20        6      20     1
		text             3        3       E9       0     0

C:\PROGRA~2\HI-TEC~1\HC51\lite\9.60\lib\51--nsc.lib
powerup.obj     text           100      100        3       0     0

COMMON          rbss            26       26        4      20     1

TOTAL		Name          Link     Load   Length
	CLASS	CODE     
		vectors          0        0        3
		text            EC       EC       14
		text             3        3       E9
		text           100      100        3

	CLASS	DATA     
		rbss            20       20        A

	CLASS	XDATA    

	CLASS	BITSEG   



SEGMENTS	Name		Load	Length	 Top	Selector    Space Class

		vectors         000000	000103	000103	       0       0  CODE    
		rbit            000020	00000A	00002A	      20       1  BITSEG  


UNUSED ADDRESS RANGES

	CODE             103-1FFF

                                  Symbol Table

?a_imp         rbss    026  __Bbss         bss     02A
__Bidata       idata   02A  __Birdata      irdata  003
__Brbit        rbit    020  __Brdata       rdata   003
__Hbss         bss     02A  __Hcode        code    02A
__Hconst       const   100  __Hdata        data    100
__Hheap        heap    02A  __Hidata       idata   02A
__Hirdata      irdata  02A  __Hnvram       nvram   02A
__Hrbit        rbit    000  __Hrbss        rbss    02A
__Hrdata       rdata   02A  __Hstrings     strings 100
__Htext        text    02A  __Hvectors     vectors 003
__Lbss         bss     02A  __Lcode        code    02A
__Lconst       const   100  __Ldata        data    100
__Lheap        heap    02A  __Lidata       idata   02A
__Lirdata      irdata  02A  __Lnvram       nvram   02A
__Lrbit        rbit    000  __Lrbss        rbss    020
__Lrdata       rdata   02A  __Lstrings     strings 100
__Ltext        text    02A  __Lvectors     vectors 000
__S0           (abs)   103  _brrr          rbss    020
_exit          text    0FD  _flag          rbss    022
_imp           text    003  _main          text    088
_rrrb          rbss    024  intlevel0      (abs)   000
intlevel1      (abs)   000  powerup        text    100
small_model    (abs)   001  stack_internal (abs)   001
start          vectors 000  start1         text    0EC
