HI-TECH Software 8051-C Compiler V9.60

Linker command line:

--edf=C:\PROGRA~2\HI-TEC~1\HC51\lite\9.60\dat\en_msgs.txt \
  -h+Z:\project1.sym -z -Q8051AH -ol.obj -MZ:\project1.map -E1 \
  -ver=8051-C#V9.60 -ACODE=00h-0FFFh -pvectors=00h \
  -prbit=0/20h,rbss,rdata/CODE,irdata/CODE,idata/rbss -pbss=XDATA/idata \
  -pdata=CODE+100h -pconst=CODE+100h -pstrings=CODE+100h -pnvram=bss,heap \
  C:\Users\class\AppData\Local\Temp\s2jc.obj Z:\main_0.obj \
  C:\PROGRA~2\HI-TEC~1\HC51\lite\9.60\lib\51--nsc.lib 

Object code version is 3.8

Machine type is 8051AH

Call graph:

*start1 size 0,0 offset 0
*    _main size 0,19 offset 0
         _strlen size 0,0 offset 19
*        _tput size 0,1 offset 19

		Name          Link     Load   Length Selector Space Scale
C:\Users\class\AppData\Local\Temp\s2jc.obj
		vectors          0        0        3       0     0
		text            E3       E3       14       0     0
Z:\main_0.obj   data           100      100        F     100     0
		text            76       76       6D       0     0

C:\PROGRA~2\HI-TEC~1\HC51\lite\9.60\lib\51--nsc.lib
ldc_byte.obj    text             3        3       73       0     0
powerup.obj     text            F7       F7        3       0     0
strlen.obj      text           150      150       2C     100     0
str_cops.obj    text           10F      10F       41     100     0

COMMON          rbss            20       20       14      20     1

TOTAL		Name          Link     Load   Length
	CLASS	CODE     
		vectors          0        0        3
		data           100      100        F
		text            E3       E3       14
		text            76       76       6D
		text             3        3       73
		text            F7       F7        3
		text           150      150       2C
		text           10F      10F       41

	CLASS	DATA     
		rbss            20       20       14

	CLASS	XDATA    

	CLASS	BITSEG   



SEGMENTS	Name		Load	Length	 Top	Selector    Space Class

		vectors         000000	0000FA	0000FA	       0       0  CODE    
		rbit            000020	000014	000034	      20       1  BITSEG  
		data            000100	00007C	00017C	     100       0  CODE    


UNUSED ADDRESS RANGES

	CODE             0FA-0FF
	                 17C-FFF

                                  Symbol Table

?a_main        rbss    020  ?a_tput        rbss    033
__Bbss         bss     034  __Bidata       idata   034
__Birdata      irdata  003  __Brbit        rbit    020
__Brdata       rdata   003  __Hbss         bss     034
__Hcode        code    034  __Hconst       const   100
__Hdata        data    10F  __Hheap        heap    034
__Hidata       idata   034  __Hirdata      irdata  034
__Hnvram       nvram   034  __Hrbit        rbit    000
__Hrbss        rbss    034  __Hrdata       rdata   034
__Hstrings     strings 100  __Htext        text    034
__Hvectors     vectors 003  __Lbss         bss     034
__Lcode        code    034  __Lconst       const   100
__Ldata        data    100  __Lheap        heap    034
__Lidata       idata   034  __Lirdata      irdata  034
__Lnvram       nvram   034  __Lrbit        rbit    000
__Lrbss        rbss    020  __Lrdata       rdata   034
__Lstrings     strings 100  __Ltext        text    034
__Lvectors     vectors 000  __S0           (abs)   17C
_exit          text    0F4  _main          text    08A
_strlen        text    150  _tput          text    076
intlevel0      (abs)   000  intlevel1      (abs)   000
ldb_r0         text    012  ldb_r1         text    01F
ldb_r2         text    02C  ldb_r3         text    039
ldb_r4         text    046  ldb_r5         text    053
ldb_r6         text    060  ldb_r7         text    06D
ldc_byte       text    003  ldc_r0         text    00E
ldc_r1         text    01B  ldc_r2         text    028
ldc_r3         text    035  ldc_r4         text    042
ldc_r5         text    04F  ldc_r6         text    05C
ldc_r7         text    069  powerup        text    0F7
small_model    (abs)   001  stack_internal (abs)   001
start          vectors 000  start1         text    0E3
str_copy       text    125  str_load       text    125
str_xcopy      text    10F  strx_copy      text    125
strx_load      text    125  strx_xcopy     text    10F
